// Jest Snapshot v1, https://goo.gl/fbAQLP

exports[`Card component it matches the snapshot 1`] = `
<div
  className="container"
>
  <div
    className="title"
  >
    <h3>
      Test Title
    </h3>
  </div>
  <div
    className="stack"
  >
    <p>
      Stack: 
      React, AWS, Serverless Framework
    </p>
  </div>
  <div
    className="links"
  >
    <a>
      Demo &gt;
    </a>
    <a>
      Source &gt;
    </a>
  </div>
</div>
`;
